LICENSE
README.md
README1.md
docs
ejercicios_refuerzo
enunciado
s29.pdf
s30.pdf
tester
